
https://demirci.siberkuvvet.com/ye-10f852a6bbd29748eeaa9d32e8aa9c17/administrator/

https://demirci.siberkuvvet.com/ye-10f852a6bbd29748eeaa9d32e8aa9c17/administrator/

https://demirci.siberkuvvet.com/ye-10f852a6bbd29748eeaa9d32e8aa9c17/administrator/

https://demirci.siberkuvvet.com/ye-10f852a6bbd29748eeaa9d32e8aa9c17/administrator/

https://demirci.siberkuvvet.com/ye-10f852a6bbd29748eeaa9d32e8aa9c17/administrator/

https://demirci.siberkuvvet.com/ye-10f852a6bbd29748eeaa9d32e8aa9c17/administrator/index.php

https://demirci.siberkuvvet.com/ye-10f852a6bbd29748eeaa9d32e8aa9c17/administrator/index.php

https://demirci.siberkuvvet.com/ye-10f852a6bbd29748eeaa9d32e8aa9c17/administrator/index.php

https://demirci.siberkuvvet.com/ye-10f852a6bbd29748eeaa9d32e8aa9c17/administrator/index.php

https://demirci.siberkuvvet.com/ye-10f852a6bbd29748eeaa9d32e8aa9c17/administrator/index.php

https://demirci.siberkuvvet.com/ye-10f852a6bbd29748eeaa9d32e8aa9c17/administrator/

https://demirci.siberkuvvet.com/ye-10f852a6bbd29748eeaa9d32e8aa9c17/administrator/

https://demirci.siberkuvvet.com/ye-10f852a6bbd29748eeaa9d32e8aa9c17/administrator/

https://demirci.siberkuvvet.com/ye-10f852a6bbd29748eeaa9d32e8aa9c17/administrator/

https://demirci.siberkuvvet.com/ye-10f852a6bbd29748eeaa9d32e8aa9c17/administrator/

https://demirci.siberkuvvet.com/ye-10f852a6bbd29748eeaa9d32e8aa9c17/administrator/index.php

https://demirci.siberkuvvet.com/ye-10f852a6bbd29748eeaa9d32e8aa9c17/administrator/index.php

https://demirci.siberkuvvet.com/ye-10f852a6bbd29748eeaa9d32e8aa9c17/administrator/index.php

https://demirci.siberkuvvet.com/ye-10f852a6bbd29748eeaa9d32e8aa9c17/administrator/index.php

https://demirci.siberkuvvet.com/ye-10f852a6bbd29748eeaa9d32e8aa9c17/administrator/index.php

https://demirci.siberkuvvet.com/ye-10f852a6bbd29748eeaa9d32e8aa9c17/administrator/

https://demirci.siberkuvvet.com/ye-10f852a6bbd29748eeaa9d32e8aa9c17/administrator/index.php

https://demirci.siberkuvvet.com/ye-10f852a6bbd29748eeaa9d32e8aa9c17/administrator/

https://demirci.siberkuvvet.com/ye-10f852a6bbd29748eeaa9d32e8aa9c17/administrator/index.php

https://demirci.siberkuvvet.com/ye-10f852a6bbd29748eeaa9d32e8aa9c17/administrator/

https://demirci.siberkuvvet.com/ye-10f852a6bbd29748eeaa9d32e8aa9c17/administrator/index.php
